// Jest Snapshot v1, https://goo.gl/fbAQLP

exports[`Render Main Component should match snapshot 1`] = `
<Main
  classes={
    Object {
      "main": "Main-main-1",
      "prompt": "Main-prompt-2",
    }
  }
  model={
    Object {
      "height": 50,
      "width": 100,
    }
  }
  onChange={[Function]}
  session={
    Object {
      "value": "hi",
    }
  }
/>
`;
