// Jest Snapshot v1, https://goo.gl/fbAQLP

exports[`inline-choice snapshot should render component 1`] = `
<InlineChoice
  choices={
    Array [
      Object {
        "correct": true,
        "feedback": Object {},
        "label": "sweden",
        "value": "sweden",
      },
      Object {
        "feedback": Object {
          "text": Array [
            Object {
              "lang": "en-US",
              "value": "Iceland is not an EU member state",
            },
            Object {
              "lang": "es-ES",
              "value": "Islandia no es un estado miembro de la UE",
            },
            Object {
              "lang": "zh-CN",
              "value": "冰岛不是欧盟成员国",
            },
          ],
          "type": "default",
        },
        "label": "iceland",
        "value": "iceland",
      },
    ]
  }
  classes={
    Object {
      "container": "InlineChoice-container-1",
      "flex": "InlineChoice-flex-2",
      "formControl": "InlineChoice-formControl-3",
      "selectEmpty": "InlineChoice-selectEmpty-4",
    }
  }
  disabled={false}
  onChoiceChanged={[Function]}
  session={Object {}}
/>
`;
