// Jest Snapshot v1, https://goo.gl/fbAQLP

exports[`AnswerGrid renders 1`] = `undefined`;
