// Jest Snapshot v1, https://goo.gl/fbAQLP

exports[`Renders a calculator component Creates snapshot using enzyme 1`] = `""`;
