// Jest Snapshot v1, https://goo.gl/fbAQLP

exports[`render a calculator component 1`] = `
<Main
  classes={
    Object {
      "icon": "Main-icon-1",
    }
  }
  model={
    Object {
      "mode": "basic",
    }
  }
/>
`;
