// Jest Snapshot v1, https://goo.gl/fbAQLP

exports[`text-entry:snapshot renders 1`] = `
<div
  className="textEntry"
>
  <div
    className="MuiFormControl-root-27 RawInput-formControl-2"
    onBlur={[Function]}
    onFocus={[Function]}
  >
    <div
      className="RawInput-inputAndIcon-4"
    >
      <div
        className="MuiInput-root-31 RawInput-inputRoot-3 MuiInput-formControl-32 MuiInput-underline-35"
      >
        <input
          aria-invalid={false}
          aria-required={false}
          autoComplete={undefined}
          autoFocus={undefined}
          className="MuiInput-input-39"
          defaultValue={undefined}
          disabled={false}
          id={undefined}
          name={undefined}
          onBlur={[Function]}
          onChange={[Function]}
          onFocus={[Function]}
          onKeyDown={undefined}
          onKeyUp={undefined}
          placeholder={undefined}
          readOnly={undefined}
          required={undefined}
          rows={undefined}
          type="text"
          value=""
        />
      </div>
      <div
        className="RawInput-icon-5"
      >
        <div
          data-name="mock=comp"
        >
          {"feedback":"feedback"}
        </div>
      </div>
    </div>
    <p
      className="MuiFormHelperText-root-44"
    >
      
    </p>
  </div>
</div>
`;
